// Jest Snapshot v1, https://goo.gl/fbAQLP

exports[`submissions-display-modal Matches snapshot 1`] = `
<div
  aria-hidden="true"
/>
`;
