// Jest Snapshot v1, https://goo.gl/fbAQLP

exports[`submissions-display-notice Matches snapshot 1`] = `
<div>
  <div
    class="components-notice is-info is-dismissible"
  >
    <div
      class="components-notice__content"
    >
      Count emails sent
    </div>
    <button
      aria-label="Dismiss this notice"
      class="components-button components-notice__dismiss has-icon"
      type="button"
    >
      <svg
        aria-hidden="true"
        focusable="false"
        height="24"
        role="img"
        viewBox="0 0 24 24"
        width="24"
        xmlns="http://www.w3.org/2000/svg"
      >
        <path
          d="M13 11.8l6.1-6.3-1-1-6.1 6.2-6.1-6.2-1 1 6.1 6.3-6.5 6.7 1 1 6.5-6.6 6.5 6.6 1-1z"
        />
      </svg>
    </button>
  </div>
</div>
`;
